Database Export report for Lab3_2bit_Cnt
Thu Mar 13 09:26:18 2025
Quartus Prime Version 22.1std.1 Build 917 02/14/2023 SC Lite Edition


---------------------
; Table of Contents ;
---------------------
  1. Legal Notice
  2. Database Export Summary
  3. Database Export Messages



----------------
; Legal Notice ;
----------------
Copyright (C) 2023  Intel Corporation. All rights reserved.
Your use of Intel Corporation's design tools, logic functions 
and other software and tools, and any partner logic 
functions, and any output files from any of the foregoing 
(including device programming or simulation files), and any 
associated documentation or information are expressly subject 
to the terms and conditions of the Intel Program License 
Subscription Agreement, the Intel Quartus Prime License Agreement,
the Intel FPGA IP License Agreement, or other applicable license
agreement, including, without limitation, that your use is for
the sole purpose of programming logic devices manufactured by
Intel and sold by Intel or its authorized distributors.  Please
refer to the applicable agreement for further details, at
https://fpgasoftware.intel.com/eula.



+----------------------------------------------------------------+
; Database Export Summary                                        ;
+------------------------+---------------------------------------+
; Database Export Status ; Successful - Thu Mar 13 09:26:18 2025 ;
; Revision Name          ; Lab3_2bit_Cnt                         ;
; Top-level Entity Name  ; Lab3_2bit_Cnt                         ;
; Family                 ; MAX 10                                ;
; Device                 ; 10M50DAF484C6GES                      ;
+------------------------+---------------------------------------+


+--------------------------+
; Database Export Messages ;
+--------------------------+
Info: *******************************************************************
Info: Running Quartus Prime Database Export
    Info: Version 22.1std.1 Build 917 02/14/2023 SC Lite Edition
    Info: Processing started: Thu Mar 13 09:26:17 2025
Info: Command: quartus_cdb Lab3_2bit_Cnt -c Lab3_2bit_Cnt --export_database=C:/Users/Owner/CLionProjects/EEL-3701_Digital-Logic-and-Computer-Systems/Quartus/Lab3/Lab3_2bit_Cnt/Lab3_2bit_Cnt_restored/Lab3/Lab3_2bit_Cnt/export_db
Info (39038): Successfully exported the post-synthesis black-box database
Info (39038): Successfully exported the post-synthesis database
Info (39038): Successfully exported the post-fitter database
Info: Quartus Prime Database Export was successful. 0 errors, 0 warnings
    Info: Peak virtual memory: 4772 megabytes
    Info: Processing ended: Thu Mar 13 09:26:18 2025
    Info: Elapsed time: 00:00:01
    Info: Total CPU time (on all processors): 00:00:01


