Restore Archived Project report for computer
Thu Apr 17 06:41:18 2025
Quartus Prime Version 22.1std.1 Build 917 02/14/2023 SC Lite Edition


---------------------
; Table of Contents ;
---------------------
  1. Legal Notice
  2. Restore Archived Project Summary
  3. Restore Archived Project Messages
  4. Files Restored
  5. Files Not Restored



----------------
; Legal Notice ;
----------------
Copyright (C) 2023  Intel Corporation. All rights reserved.
Your use of Intel Corporation's design tools, logic functions 
and other software and tools, and any partner logic 
functions, and any output files from any of the foregoing 
(including device programming or simulation files), and any 
associated documentation or information are expressly subject 
to the terms and conditions of the Intel Program License 
Subscription Agreement, the Intel Quartus Prime License Agreement,
the Intel FPGA IP License Agreement, or other applicable license
agreement, including, without limitation, that your use is for
the sole purpose of programming logic devices manufactured by
Intel and sold by Intel or its authorized distributors.  Please
refer to the applicable agreement for further details, at
https://fpgasoftware.intel.com/eula.



+-------------------------------------------------------------------------+
; Restore Archived Project Summary                                        ;
+---------------------------------+---------------------------------------+
; Restore Archived Project Status ; Successful - Thu Apr 17 06:41:18 2025 ;
; Revision Name                   ; computer                              ;
; Top-level Entity Name           ; computer_simulation                   ;
; Family                          ; MAX 10                                ;
+---------------------------------+---------------------------------------+


+-----------------------------------+
; Restore Archived Project Messages ;
+-----------------------------------+
Info: Successfully restored 'C:/Users/Owner/CLionProjects/EEL-3701_Digital-Logic-and-Computer-Systems/Quartus/Lab7/Resources/gcpu_s25.qar' into the 'C:/Users/Owner/CLionProjects/EEL-3701_Digital-Logic-and-Computer-Systems/Quartus/Lab7/Lab7Part2/' directory
Info: Generated report 'computer.restore.rpt'
Info (23030): Evaluation of Tcl script c:/intelfpga_lite/22.1std/quartus/common/tcl/apps/qpm/qar.tcl was successful
Info: Quartus Prime Shell was successful. 0 errors, 0 warnings
    Info: Peak virtual memory: 4845 megabytes
    Info: Processing ended: Thu Apr 17 06:41:18 2025
    Info: Elapsed time: 00:00:02
    Info: Total CPU time (on all processors): 00:00:01


+----------------------------------+
; Files Restored                   ;
+----------------------------------+
; File Name                        ;
+----------------------------------+
; qar_info.json                    ;
; CONTROLLER_ROM.bsf               ;
; CONTROLLER_ROM.qip               ;
; CONTROLLER_ROM.vhd               ;
; EEPROM.bsf                       ;
; EEPROM.qip                       ;
; EEPROM.vhd                       ;
; EPROM.bsf                        ;
; EPROM.qip                        ;
; EPROM.vhd                        ;
; SRAM.bsf                         ;
; SRAM.qip                         ;
; SRAM.vhd                         ;
; alu/alu.bdf                      ;
; computer.qpf                     ;
; computer.qsf                     ;
; computer.vwf                     ;
; computer_assignment_defaults.qdf ;
; computer_programming.bdf         ;
; computer_simulation.bdf          ;
; controller.bdf                   ;
; controller_rom.mif               ;
; cpu/cpu.bdf                      ;
; db/computer.sim.cvwf             ;
; eprom.mif                        ;
; hex_decoder.vhd                  ;
; ir/ir.bdf                        ;
; pc_mar_ix/pc_mar_ix.bdf          ;
; sram.mif                         ;
; xdr_ydr/xdr_ydr.bdf              ;
+----------------------------------+


+--------------------+
; Files Not Restored ;
+--------------------+
; File Name          ;
+--------------------+


